// Jest Snapshot v1, https://goo.gl/fbAQLP

exports[`Renders the initial component 1`] = `
<div>
  <h3>
    Related Products
  </h3>
  <div>
    <h3>
      Similar Products
    </h3>
    <ul
      className="side-by-side"
    />
  </div>
  <h3>
    Your Outfit
  </h3>
  <div>
    <h3>
      My Outfit
    </h3>
    <ul
      className="side-by-side"
    />
  </div>
</div>
`;
