// Jest Snapshot v1, https://goo.gl/fbAQLP

exports[`Renders the initial component 1`] = `
<div>
  Ratings & Reviews
</div>
`;
